// Jest Snapshot v1, https://goo.gl/fbAQLP

exports[`should render edit expense page properly 1`] = `
<div>
  <h1>
    paneer bill
  </h1>
  <ExpenseForm
    expense={
      Object {
        "amount": 800,
        "createAt": 0,
        "description": "paneer bill",
        "id": "1",
        "note": "paid by venkatesh",
      }
    }
    onSubmit={[Function]}
  />
  <button
    onClick={[Function]}
  >
    Remove
  </button>
</div>
`;
